python : C:\Users\Srikant\AppData\Local\Pro
grams\Python\Python312\Lib\site-packages\re
quests\__init__.py:113: 
RequestsDependencyWarning: urllib3 (2.6.3) 
or chardet 
(6.0.0.post1)/charset_normalizer (3.4.1) 
doesn't match a supported version!
At line:1 char:1
+ python -c "from main import app" > 
error_log.txt 2>&1 ; cat error_log ...
+ ~~~~~~~~~~~~~~~~~~~~~~~~~~~~~~~~~~~~~~~~~
~~~~~~~~~~~~
    + CategoryInfo          : NotSpecified 
   : (C:\Users\Srikan...ported version!:S  
  tring) [], RemoteException
    + FullyQualifiedErrorId : NativeComman 
   dError
 
  warnings.warn(
C:\abbu\backend\sql\nl_query.py:14: 
FutureWarning: 

All support for the `google.generativeai` 
package has ended. It will no longer be 
receiving 
updates or bug fixes. Please switch to the 
`google.genai` package as soon as possible.
See README for more details:

https://github.com/google-gemini/deprecated
-generative-ai-python/blob/main/README.md

  import google.generativeai as genai
Traceback (most recent call last):
  File "<string>", line 1, in <module>
  File "C:\abbu\backend\main.py", line 18, 
in <module>
    from api.upload import router as 
upload_router
  File "C:\abbu\backend\api\upload.py", 
line 45, in <module>
    @router.post("/upload")
     ^^^^^^^^^^^^^^^^^^^^^^
  File "C:\Users\Srikant\AppData\Local\Prog
rams\Python\Python312\Lib\site-packages\fas
tapi\routing.py", line 994, in decorator
    self.add_api_route(
  File "C:\Users\Srikant\AppData\Local\Prog
rams\Python\Python312\Lib\site-packages\fas
tapi\routing.py", line 933, in 
add_api_route
    route = route_class(
            ^^^^^^^^^^^^
  File "C:\Users\Srikant\AppData\Local\Prog
rams\Python\Python312\Lib\site-packages\fas
tapi\routing.py", line 554, in __init__
    self.dependant = 
get_dependant(path=self.path_format, 
call=self.endpoint)
                     ^^^^^^^^^^^^^^^^^^^^^^
^^^^^^^^^^^^^^^^^^^^^^^^^^^^^^^^^^
  File "C:\Users\Srikant\AppData\Local\Prog
rams\Python\Python312\Lib\site-packages\fas
tapi\dependencies\utils.py", line 285, in 
get_dependant
    param_details = analyze_param(
                    ^^^^^^^^^^^^^^
  File "C:\Users\Srikant\AppData\Local\Prog
rams\Python\Python312\Lib\site-packages\fas
tapi\dependencies\utils.py", line 488, in 
analyze_param
    field = create_model_field(
            ^^^^^^^^^^^^^^^^^^^
  File "C:\Users\Srikant\AppData\Local\Prog
rams\Python\Python312\Lib\site-packages\fas
tapi\utils.py", line 98, in 
create_model_field
    raise fastapi.exceptions.FastAPIError(
fastapi.exceptions.FastAPIError: Invalid 
args for response field! Hint: check that 
ForwardRef('list[UploadFile]') is a valid 
Pydantic field type. If you are using a 
return type annotation that is not a valid 
Pydantic field (e.g. Union[Response, dict, 
None]) you can disable generating the 
response model from the type annotation 
with the path operation decorator 
parameter response_model=None. Read more: h
ttps://fastapi.tiangolo.com/tutorial/respon
se-model/
